Analyzing edunexus...                                           

warning - Unused import: 'package:dio/dio.dart' - lib\data\repositories\classroom_repository_impl.dart:1:8 - unused_import
  error - Target of URI doesn't exist: '../models/user_model.dart' - lib\domain\repositories\auth_repository.dart:1:8 - uri_does_not_exist
  error - The name 'UserModel' isn't a type, so it can't be used as a type argument - lib\domain\repositories\auth_repository.dart:4:10 - non_type_as_type_argument
  error - The name 'UserModel' isn't a type, so it can't be used as a type argument - lib\domain\repositories\auth_repository.dart:5:10 - non_type_as_type_argument
  error - The name 'UserModel' isn't a type, so it can't be used as a type argument - lib\domain\repositories\auth_repository.dart:11:10 - non_type_as_type_argument
  error - Target of URI doesn't exist: '../models/classroom_model.dart' - lib\domain\repositories\classroom_repository.dart:1:8 - uri_does_not_exist
  error - Target of URI doesn't exist: '../models/classroom_member_model.dart' - lib\domain\repositories\classroom_repository.dart:2:8 - uri_does_not_exist
  error - The name 'ClassroomModel' isn't a type, so it can't be used as a type argument - lib\domain\repositories\classroom_repository.dart:5:15 - non_type_as_type_argument
  error - The name 'ClassroomModel' isn't a type, so it can't be used as a type argument - lib\domain\repositories\classroom_repository.dart:6:10 - non_type_as_type_argument
  error - The name 'ClassroomMemberModel' isn't a type, so it can't be used as a type argument - lib\domain\repositories\classroom_repository.dart:7:10 - non_type_as_type_argument
  error - The name 'ClassroomMemberModel' isn't a type, so it can't be used as a type argument - lib\domain\repositories\classroom_repository.dart:8:15 - non_type_as_type_argument
  error - The name 'ClassroomMemberModel' isn't a type, so it can't be used as a type argument - lib\domain\repositories\classroom_repository.dart:9:10 - non_type_as_type_argument
warning - The receiver can't be null, so the null-aware operator '?.' is unnecessary - lib\features\assignments\view\assignment_list_screen.dart:17:27 - invalid_null_aware_operator
  error - The getter 'isTeacher' isn't defined for the type 'AuthState' - lib\features\assignments\view\assignment_list_screen.dart:17:29 - undefined_getter
warning - The '!' will have no effect because the receiver can't be null - lib\features\assignments\view\create_assignment_screen.dart:59:26 - unnecessary_non_null_assertion
  error - The getter 'id' isn't defined for the type 'AuthState' - lib\features\assignments\view\create_assignment_screen.dart:59:28 - undefined_getter
warning - Unused import: 'package:go_router/go_router.dart' - lib\features\auth\view\signup_screen.dart:3:8 - unused_import
   info - 'value' is deprecated and shouldn't be used. Use initialValue instead. This will set the initial value for the form field. This feature was deprecated after v3.33.0-1.0.pre - lib\features\auth\view\signup_screen.dart:86:17 - deprecated_member_use
warning - Unused import: '../../../core/constants/app_constants.dart' - lib\features\home\view\classroom_list_screen.dart:4:8 - unused_import
warning - The '!' will have no effect because the receiver can't be null - lib\features\submissions\view\submission_screen.dart:32:71 - unnecessary_non_null_assertion
  error - The getter 'id' isn't defined for the type 'AuthState' - lib\features\submissions\view\submission_screen.dart:32:73 - undefined_getter

